LOADED triples=236
SIMTEXT Jaccard
RESULT id=wc_winners poolSize=26 candidates=103 rawValid=12 groundedAt0.85=12 llmMs=16997 groundMs=40
CANDS id=wc_winners [Lionel Messi, Pele, Diego Maradona, Zinedine Zidane, Ronaldo, Miroslav Klose, Franz Beckenbauer, Gerd Muller, Paolo Rossi, Johan Cruyff, Michel Platini, Marco van Basten, Roberto Baggio, Romario, Rivaldo, Ronaldinho, Kaka, Xavi, Andres Iniesta, Sergio Aguero, Angel Di Maria, Javier Mascherano, Manuel Neuer, Philipp Lahm, Bastian Schweinsteiger, Thomas Muller, Mario Gotze, Neymar, Thiago Silva, David Luiz, Marcelo, Casemiro, Paul Pogba, Antoine Griezmann, Kylian Mbappe, Hugo Lloris, Olivier Giroud, Raphael Varane, N'Golo Kante, Luka Modric, Ivan Rakitic, Marcelo Brozovic, Dejan Lovren, Mario Mandzukic, Ivan Perisic, Ante Rebic, Sime Vrsaljko, Domagoj Vida, Lovre Kalinic, Danijel Subasic, Josip Pivaric, Vedran Corluka, Mateo Kovacic, Nikola Kalinic, Andrej Kramaric, Tin Jedvaj, Filip Bradaric, Marko Pjaca, Duje Caleta-Car, Josip Brekalo, Borna Barisic, Milan Badelj, Ante Coric, Josip Posavec, Ivan Strinic, Filip Krovinovic, Marko Rog, Alen Halilovic, Nikola Vlasic, Josip Radosevic, Mario Pasalic, Ante Budimir, Dario Saric, Lovro Majer, Kristijan Jakic, Luka Ivanusec, Josip Sutalo, Marin Pongracic, Borna Sosa, Domagoj Bradaric, Nikola Moro, Luka Sucic, Josip Stanisic, Mislav Orsic, Bruno Petkovic, Antonio Colak, Marko Livaja, Ivan Perisic, Mario Pasalic, Lovro Majer, Kristijan Jakic, Luka Ivanusec, Josip Sutalo, Marin Pongracic, Borna Sosa, Domagoj Bradaric, Nikola Moro, Luka Sucic, Josip Stanisic, Mislav Orsic, Bruno Petkovic, Antonio Colak, Marko Livaja]
SWEEP id=wc_winners 0.50:14 0.60:12 0.70:12 0.80:12 0.85:12 0.90:12 1.00:12
MAP id=wc_winners [Lionel Messi=>Lionel Messi(1.00), Pele=>Pele(1.00), Diego Maradona=>Diego Maradona(1.00), Zinedine Zidane=>Zinedine Zidane(1.00), Ronaldinho=>Ronaldinho(1.00), Kaka=>Kaka(1.00), Andres Iniesta=>Andres Iniesta(1.00), Manuel Neuer=>Manuel Neuer(1.00), Thomas Muller=>Thomas Muller(1.00), Neymar=>Neymar(1.00), Kylian Mbappe=>Kylian Mbappe(1.00), Luka Modric=>Luka Modric(1.00)]
RESULT id=national_teams poolSize=13 candidates=44 rawValid=11 groundedAt0.85=11 llmMs=7269 groundMs=11
CANDS id=national_teams [Argentina, Brazil, England, France, Germany, Italy, Spain, Uruguay, Algeria, Cameroon, Egypt, Ivory Coast, Morocco, Nigeria, Senegal, South Africa, Tunisia, Zambia, Australia, Japan, Saudi Arabia, South Korea, Mexico, United States, Costa Rica, Honduras, Canada, Colombia, Chile, Ecuador, Paraguay, Peru, Bolivia, Venezuela, Czech Republic, Denmark, Greece, Netherlands, Portugal, Russia, Sweden, Belgium, Croatia, Switzerland]
SWEEP id=national_teams 0.50:11 0.60:11 0.70:11 0.80:11 0.85:11 0.90:11 1.00:11
MAP id=national_teams [Argentina=>Argentina(1.00), Brazil=>Brazil(1.00), England=>England(1.00), France=>France(1.00), Germany=>Germany(1.00), Italy=>Italy(1.00), Spain=>Spain(1.00), Egypt=>Egypt(1.00), Portugal=>Portugal(1.00), Belgium=>Belgium(1.00), Croatia=>Croatia(1.00)]
RESULT id=clubs poolSize=12 candidates=20 rawValid=11 groundedAt0.85=11 llmMs=4065 groundMs=4
CANDS id=clubs [Real Madrid, Barcelona, Manchester United, Liverpool, Bayern Munich, Juventus, Paris Saint-Germain, Chelsea, Manchester City, Arsenal, AC Milan, Inter Milan, Tottenham Hotspur, Atletico Madrid, Borussia Dortmund, Ajax, Benfica, Porto, Roma, Napoli]
SWEEP id=clubs 0.50:12 0.60:11 0.70:11 0.80:11 0.85:11 0.90:11 1.00:11
MAP id=clubs [Real Madrid=>Real Madrid(1.00), Manchester United=>Manchester United(1.00), Liverpool=>Liverpool(1.00), Bayern Munich=>Bayern Munich(1.00), Juventus=>Juventus(1.00), Paris Saint-Germain=>Paris Saint-Germain(1.00), Chelsea=>Chelsea(1.00), Arsenal=>Arsenal(1.00), AC Milan=>AC Milan(1.00), Borussia Dortmund=>Borussia Dortmund(1.00), Ajax=>Ajax(1.00)]
RESULT id=trophies poolSize=8 candidates=24 rawValid=6 groundedAt0.85=6 llmMs=5246 groundMs=9
CANDS id=trophies [World Cup, Champions League, Europa League, Premier League, La Liga, Bundesliga, Serie A, Ligue 1, Copa Libertadores, Copa America, European Championship, Africa Cup of Nations, Asian Cup, CONCACAF Gold Cup, FIFA Club World Cup, FA Cup, Copa del Rey, DFB-Pokal, Coppa Italia, Coupe de France, Super Bowl, UEFA Super Cup, EFL Cup, Community Shield]
SWEEP id=trophies 0.50:6 0.60:6 0.70:6 0.80:6 0.85:6 0.90:6 1.00:6
MAP id=trophies [World Cup=>World Cup(1.00), Champions League=>Champions League(1.00), Copa Libertadores=>Copa Libertadores(1.00), Copa America=>Copa America(1.00), European Championship=>European Championship(1.00), FA Cup=>FA Cup(1.00)]
RESULT id=birthplaces poolSize=26 candidates=10 rawValid=4 groundedAt0.85=4 llmMs=1375 groundMs=6
CANDS id=birthplaces [Rosario, Funchal, Barcelona, Paris, Lisbon, Manchester, Milan, Rio de Janeiro, Buenos Aires, Madrid]
SWEEP id=birthplaces 0.50:4 0.60:4 0.70:4 0.80:4 0.85:4 0.90:4 1.00:4
MAP id=birthplaces [Rosario=>Rosario(1.00), Funchal=>Funchal(1.00), Paris=>Paris(1.00), Rio de Janeiro=>Rio de Janeiro(1.00)]
DONE
